// Jest Snapshot v1, https://goo.gl/fbAQLP

exports[`files getOperationsData should return the operations file associated with the given schemaId 1`] = `
Object {
  "operations": Object {
    "GetChores": Object {
      "id": "llK98u0",
      "name": "GetChores",
    },
    "someOpName": Object {
      "id": "someOpId",
      "name": "someOpName",
    },
  },
  "version": 1,
}
`;

exports[`files getTypeRecording should return the correct type recording 1`] = `
Object {
  "id": "someTypeRecordingId",
  "value": Object {
    "getAccountFromSession": "someAccountRecordingId",
    "getChores": "someGetChoresResponseRecordingId",
  },
  "version": 1,
}
`;

exports[`files getWorkflowById should return the given workflow file contents 1`] = `
Object {
  "description": "some markdown text that gives context on this workflow",
  "id": "someWorkflowId",
  "name": "Some workflow",
  "operationRecordings": Object {
    "llK98u0": Object {
      "opRecordingId": "q7f66d54",
    },
    "someOpId": Object {
      "opRecordingId": "someOpRecordingId",
    },
  },
  "version": 1,
}
`;

exports[`files openTypeNameToIdMapping should return the operations file associated with the given schemaId 1`] = `
Object {
  "types": Object {
    "Chore": Object {
      "id": "bb333456",
      "name": "Chore",
    },
    "GetChoresResponse": Object {
      "id": "123j6tgc",
      "name": "GetChoresResponse",
    },
    "Query": Object {
      "id": "xhg87iT1",
      "name": "Query",
    },
    "doesntHaveATypeFile": Object {
      "id": "doesntHaveATypeFileId",
      "name": "doesntHaveATypeFile",
    },
    "someTypeName": Object {
      "id": "someTypeId",
      "name": "someTypeName",
    },
  },
  "version": 1,
}
`;
