// Jest Snapshot v1, https://goo.gl/fbAQLP

exports[`type getTypeRecording should return the correct type recording 1`] = `
Object {
  "id": "someTypeRecordingId",
  "value": Object {
    "getAccountFromSession": "someAccountRecordingId",
    "getChores": "someGetChoresResponseRecordingId",
  },
  "version": 1,
}
`;

exports[`type openTypeNameToIdMapping should return the operations file associated with the given schemaId 1`] = `
Object {
  "types": Object {
    "Chore": Object {
      "id": "bb333456",
      "name": "Chore",
    },
    "GetChoresResponse": Object {
      "id": "123j6tgc",
      "name": "GetChoresResponse",
    },
    "Query": Object {
      "id": "xhg87iT1",
      "name": "Query",
    },
    "doesntHaveATypeFile": Object {
      "id": "doesntHaveATypeFileId",
      "name": "doesntHaveATypeFile",
    },
    "someTypeName": Object {
      "id": "someTypeId",
      "name": "someTypeName",
    },
  },
  "version": 1,
}
`;
