// Jest Snapshot v1, https://goo.gl/fbAQLP

exports[`fetchRootTypeRecording should resolve a recording 1`] = `
Object {
  "getAccountFromSession": "someAccountRecordingId",
  "getChores": "someGetChoresResponseRecordingId",
}
`;
