// Jest Snapshot v1, https://goo.gl/fbAQLP

exports[`resolveQueryFromRecording should execute the given query 1`] = `
Object {
  "data": Object {
    "getChores": Object {
      "__typename": "GetChoresResponse",
      "chores": Array [
        Object {
          "__typename": "Chore",
          "description": "just a nice description",
          "dueDate": "10/5/1985",
          "id": "aChoreId",
          "summary": "a summary",
          "version": 1,
        },
      ],
      "hasAccountSession": true,
    },
  },
  "errors": undefined,
}
`;
